// Jest Snapshot v1, https://goo.gl/fbAQLP

exports[`searches the specified test 1`] = `
Object {
  "Id": "123",
}
`;
