// Jest Snapshot v1, https://goo.gl/fbAQLP

exports[`should throw error when response is not successful 1`] = `""`;
